// Vitest Snapshot v1, https://vitest.dev/guide/snapshot.html

exports[`nation gold per minute > world map, impossible nations, 20 minutes 1`] = `
{
  "aliveNations": 34,
  "perMinute": [
    {
      "cities": 0,
      "factories": 0,
      "minute": 1,
      "ports": 0,
      "shipsArrived": 0,
      "tradeGold": 0,
      "tradeShipsAtSea": 0,
      "trainGold": 0,
      "trainStops": 0,
      "trainsRunning": 0,
    },
    {
      "cities": 2,
      "factories": 0,
      "minute": 2,
      "ports": 0,
      "shipsArrived": 0,
      "tradeGold": 0,
      "tradeShipsAtSea": 0,
      "trainGold": 0,
      "trainStops": 0,
      "trainsRunning": 0,
    },
    {
      "cities": 60,
      "factories": 0,
      "minute": 3,
      "ports": 0,
      "shipsArrived": 0,
      "tradeGold": 0,
      "tradeShipsAtSea": 0,
      "trainGold": 0,
      "trainStops": 0,
      "trainsRunning": 0,
    },
    {
      "cities": 60,
      "factories": 0,
      "minute": 4,
      "ports": 0,
      "shipsArrived": 0,
      "tradeGold": 0,
      "tradeShipsAtSea": 0,
      "trainGold": 0,
      "trainStops": 0,
      "trainsRunning": 0,
    },
    {
      "cities": 63,
      "factories": 0,
      "minute": 5,
      "ports": 8,
      "shipsArrived": 1,
      "tradeGold": 147500,
      "tradeShipsAtSea": 28,
      "trainGold": 0,
      "trainStops": 0,
      "trainsRunning": 0,
    },
    {
      "cities": 69,
      "factories": 2,
      "minute": 6,
      "ports": 12,
      "shipsArrived": 8,
      "tradeGold": 1477000,
      "tradeShipsAtSea": 65,
      "trainGold": 0,
      "trainStops": 0,
      "trainsRunning": 0,
    },
    {
      "cities": 73,
      "factories": 3,
      "minute": 7,
      "ports": 15,
      "shipsArrived": 14,
      "tradeGold": 3575000,
      "tradeShipsAtSea": 118,
      "trainGold": 610000,
      "trainStops": 13,
      "trainsRunning": 21,
    },
    {
      "cities": 79,
      "factories": 5,
      "minute": 8,
      "ports": 20,
      "shipsArrived": 51,
      "tradeGold": 13200000,
      "tradeShipsAtSea": 141,
      "trainGold": 1350000,
      "trainStops": 37,
      "trainsRunning": 28,
    },
    {
      "cities": 82,
      "factories": 7,
      "minute": 9,
      "ports": 23,
      "shipsArrived": 67,
      "tradeGold": 19380000,
      "tradeShipsAtSea": 152,
      "trainGold": 870000,
      "trainStops": 27,
      "trainsRunning": 14,
    },
    {
      "cities": 87,
      "factories": 8,
      "minute": 10,
      "ports": 24,
      "shipsArrived": 59,
      "tradeGold": 14690000,
      "tradeShipsAtSea": 165,
      "trainGold": 1630000,
      "trainStops": 63,
      "trainsRunning": 21,
    },
    {
      "cities": 92,
      "factories": 10,
      "minute": 11,
      "ports": 28,
      "shipsArrived": 76,
      "tradeGold": 20350000,
      "tradeShipsAtSea": 186,
      "trainGold": 3390000,
      "trainStops": 83,
      "trainsRunning": 42,
    },
    {
      "cities": 90,
      "factories": 9,
      "minute": 12,
      "ports": 30,
      "shipsArrived": 91,
      "tradeGold": 23610000,
      "tradeShipsAtSea": 189,
      "trainGold": 1010000,
      "trainStops": 49,
      "trainsRunning": 28,
    },
    {
      "cities": 91,
      "factories": 10,
      "minute": 13,
      "ports": 27,
      "shipsArrived": 85,
      "tradeGold": 22090000,
      "tradeShipsAtSea": 162,
      "trainGold": 1250000,
      "trainStops": 41,
      "trainsRunning": 35,
    },
    {
      "cities": 90,
      "factories": 11,
      "minute": 14,
      "ports": 31,
      "shipsArrived": 58,
      "tradeGold": 15620000,
      "tradeShipsAtSea": 169,
      "trainGold": 1190000,
      "trainStops": 51,
      "trainsRunning": 56,
    },
    {
      "cities": 92,
      "factories": 12,
      "minute": 15,
      "ports": 35,
      "shipsArrived": 86,
      "tradeGold": 20390000,
      "tradeShipsAtSea": 199,
      "trainGold": 3400000,
      "trainStops": 90,
      "trainsRunning": 42,
    },
    {
      "cities": 92,
      "factories": 16,
      "minute": 16,
      "ports": 34,
      "shipsArrived": 85,
      "tradeGold": 21700000,
      "tradeShipsAtSea": 159,
      "trainGold": 1590000,
      "trainStops": 71,
      "trainsRunning": 42,
    },
    {
      "cities": 88,
      "factories": 16,
      "minute": 17,
      "ports": 36,
      "shipsArrived": 74,
      "tradeGold": 17180000,
      "tradeShipsAtSea": 207,
      "trainGold": 1980000,
      "trainStops": 97,
      "trainsRunning": 35,
    },
    {
      "cities": 88,
      "factories": 15,
      "minute": 18,
      "ports": 38,
      "shipsArrived": 103,
      "tradeGold": 26130000,
      "tradeShipsAtSea": 210,
      "trainGold": 1920000,
      "trainStops": 88,
      "trainsRunning": 35,
    },
    {
      "cities": 87,
      "factories": 14,
      "minute": 19,
      "ports": 37,
      "shipsArrived": 112,
      "tradeGold": 26790000,
      "tradeShipsAtSea": 233,
      "trainGold": 1480000,
      "trainStops": 72,
      "trainsRunning": 21,
    },
    {
      "cities": 78,
      "factories": 11,
      "minute": 20,
      "ports": 31,
      "shipsArrived": 134,
      "tradeGold": 32070000,
      "tradeShipsAtSea": 224,
      "trainGold": 1270000,
      "trainStops": 59,
      "trainsRunning": 14,
    },
  ],
  "totals": {
    "shipsArrived": 1104,
    "tradeGold": 278400000,
    "trainGold": 22940000,
    "trainStops": 841,
  },
}
`;
