// Vitest Snapshot v1, https://vitest.dev/guide/snapshot.html

exports[`nation gold per minute > world map, impossible nations, 20 minutes 1`] = `
{
  "aliveNations": 40,
  "perMinute": [
    {
      "cities": 0,
      "factories": 0,
      "minute": 1,
      "ports": 0,
      "shipsArrived": 0,
      "tradeGold": 0,
      "tradeShipsAtSea": 0,
      "trainGold": 0,
      "trainStops": 0,
      "trainsRunning": 0,
    },
    {
      "cities": 2,
      "factories": 0,
      "minute": 2,
      "ports": 0,
      "shipsArrived": 0,
      "tradeGold": 0,
      "tradeShipsAtSea": 0,
      "trainGold": 0,
      "trainStops": 0,
      "trainsRunning": 0,
    },
    {
      "cities": 60,
      "factories": 0,
      "minute": 3,
      "ports": 0,
      "shipsArrived": 0,
      "tradeGold": 0,
      "tradeShipsAtSea": 0,
      "trainGold": 0,
      "trainStops": 0,
      "trainsRunning": 0,
    },
    {
      "cities": 60,
      "factories": 0,
      "minute": 4,
      "ports": 0,
      "shipsArrived": 0,
      "tradeGold": 0,
      "tradeShipsAtSea": 0,
      "trainGold": 0,
      "trainStops": 0,
      "trainsRunning": 0,
    },
    {
      "cities": 63,
      "factories": 0,
      "minute": 5,
      "ports": 8,
      "shipsArrived": 1,
      "tradeGold": 147500,
      "tradeShipsAtSea": 28,
      "trainGold": 0,
      "trainStops": 0,
      "trainsRunning": 0,
    },
    {
      "cities": 69,
      "factories": 2,
      "minute": 6,
      "ports": 12,
      "shipsArrived": 8,
      "tradeGold": 1477000,
      "tradeShipsAtSea": 65,
      "trainGold": 0,
      "trainStops": 0,
      "trainsRunning": 0,
    },
    {
      "cities": 73,
      "factories": 3,
      "minute": 7,
      "ports": 15,
      "shipsArrived": 14,
      "tradeGold": 3581000,
      "tradeShipsAtSea": 119,
      "trainGold": 0,
      "trainStops": 0,
      "trainsRunning": 0,
    },
    {
      "cities": 80,
      "factories": 5,
      "minute": 8,
      "ports": 21,
      "shipsArrived": 46,
      "tradeGold": 12870000,
      "tradeShipsAtSea": 132,
      "trainGold": 0,
      "trainStops": 0,
      "trainsRunning": 0,
    },
    {
      "cities": 79,
      "factories": 6,
      "minute": 9,
      "ports": 20,
      "shipsArrived": 53,
      "tradeGold": 15350000,
      "tradeShipsAtSea": 148,
      "trainGold": 0,
      "trainStops": 0,
      "trainsRunning": 0,
    },
    {
      "cities": 84,
      "factories": 7,
      "minute": 10,
      "ports": 20,
      "shipsArrived": 50,
      "tradeGold": 14260000,
      "tradeShipsAtSea": 166,
      "trainGold": 0,
      "trainStops": 0,
      "trainsRunning": 0,
    },
    {
      "cities": 90,
      "factories": 10,
      "minute": 11,
      "ports": 22,
      "shipsArrived": 62,
      "tradeGold": 17010000,
      "tradeShipsAtSea": 164,
      "trainGold": 0,
      "trainStops": 0,
      "trainsRunning": 0,
    },
    {
      "cities": 91,
      "factories": 10,
      "minute": 12,
      "ports": 24,
      "shipsArrived": 64,
      "tradeGold": 18220000,
      "tradeShipsAtSea": 168,
      "trainGold": 0,
      "trainStops": 0,
      "trainsRunning": 0,
    },
    {
      "cities": 92,
      "factories": 9,
      "minute": 13,
      "ports": 30,
      "shipsArrived": 64,
      "tradeGold": 16960000,
      "tradeShipsAtSea": 191,
      "trainGold": 0,
      "trainStops": 0,
      "trainsRunning": 0,
    },
    {
      "cities": 96,
      "factories": 10,
      "minute": 14,
      "ports": 32,
      "shipsArrived": 80,
      "tradeGold": 19300000,
      "tradeShipsAtSea": 229,
      "trainGold": 0,
      "trainStops": 0,
      "trainsRunning": 0,
    },
    {
      "cities": 99,
      "factories": 10,
      "minute": 15,
      "ports": 35,
      "shipsArrived": 106,
      "tradeGold": 27570000,
      "tradeShipsAtSea": 231,
      "trainGold": 0,
      "trainStops": 0,
      "trainsRunning": 0,
    },
    {
      "cities": 97,
      "factories": 10,
      "minute": 16,
      "ports": 36,
      "shipsArrived": 95,
      "tradeGold": 25150000,
      "tradeShipsAtSea": 236,
      "trainGold": 0,
      "trainStops": 0,
      "trainsRunning": 0,
    },
    {
      "cities": 95,
      "factories": 11,
      "minute": 17,
      "ports": 41,
      "shipsArrived": 128,
      "tradeGold": 33750000,
      "tradeShipsAtSea": 241,
      "trainGold": 0,
      "trainStops": 0,
      "trainsRunning": 0,
    },
    {
      "cities": 90,
      "factories": 11,
      "minute": 18,
      "ports": 42,
      "shipsArrived": 144,
      "tradeGold": 34070000,
      "tradeShipsAtSea": 247,
      "trainGold": 0,
      "trainStops": 0,
      "trainsRunning": 0,
    },
    {
      "cities": 89,
      "factories": 12,
      "minute": 19,
      "ports": 45,
      "shipsArrived": 143,
      "tradeGold": 34210000,
      "tradeShipsAtSea": 261,
      "trainGold": 0,
      "trainStops": 0,
      "trainsRunning": 0,
    },
    {
      "cities": 93,
      "factories": 12,
      "minute": 20,
      "ports": 50,
      "shipsArrived": 157,
      "tradeGold": 38140000,
      "tradeShipsAtSea": 273,
      "trainGold": 0,
      "trainStops": 0,
      "trainsRunning": 0,
    },
  ],
  "totals": {
    "shipsArrived": 1215,
    "tradeGold": 312000000,
    "trainGold": 0,
    "trainStops": 0,
  },
}
`;
